<html>
<body>
<pre>
<h1>µVision Build Log</h1>
<h2>Project:</h2>
C:\Users\Blue\Desktop\programowanie w c\P_O\Funkcje.uvproj
Project File Date:  04/07/2020

<h2>Output:</h2>
Build target 'Target 1'
linking...
.\Funkcje.axf: Error: L6218E: Undefined symbol CopyString (referred from main.o).
".\Funkcje.axf" - 1 Errors, 0 Warning(s).
Target not created
Build target 'Target 1'
compiling Strings1.c...
compiling String2.c...
linking...
Program Size: Code=996 RO-data=32 RW-data=24 ZI-data=1256  
FromELF: creating hex file...
".\Funkcje.axf" - 0 Errors, 0 Warning(s).
Build target 'Target 1'
compiling Strings1.c...
compiling String2.c...
linking...
Program Size: Code=996 RO-data=32 RW-data=24 ZI-data=1256  
FromELF: creating hex file...
".\Funkcje.axf" - 0 Errors, 0 Warning(s).
