<html>
<body>
<pre>
<h1>µVision Build Log</h1>
<h2>Project:</h2>
C:\Users\dawid\OneDrive\Pulpit\programowanie w c\Current\8.uvproj
Project File Date:  03/19/2020

<h2>Output:</h2>
Build target 'Target 1'
compiling 11.3.c...
11.3.c(106): warning:  #177-D: variable "ucArrayIndex" was declared but never referenced
linking...
.\8.axf: Error: L6200E: Symbol __ARM_use_no_argv multiply defined (by 11.3.o and 9.4.o).
.\8.axf: Error: L6200E: Symbol main multiply defined (by 11.3.o and 9.4.o).
".\8.axf" - 2 Errors, 1 Warning(s).
Target not created
Build target 'Target 1'
compiling 11.3.c...
linking...
.\8.axf: Error: L6200E: Symbol __ARM_use_no_argv multiply defined (by 11.3.o and 9.4.o).
.\8.axf: Error: L6200E: Symbol main multiply defined (by 11.3.o and 9.4.o).
".\8.axf" - 2 Errors, 0 Warning(s).
Target not created
Build target 'Target 1'
compiling 11.3.c...
linking...
.\8.axf: Error: L6200E: Symbol __ARM_use_no_argv multiply defined (by 11.3.o and 9.4.o).
.\8.axf: Error: L6200E: Symbol main multiply defined (by 11.3.o and 9.4.o).
".\8.axf" - 2 Errors, 0 Warning(s).
Target not created
Build target 'Target 1'
compiling 11.3.c...
11.3.c(62): error:  #20: identifier "pArray3" is undefined
11.3.c(105): warning:  #177-D: variable "gt" was declared but never referenced
".\8.axf" - 1 Errors, 1 Warning(s).
Target not created
Build target 'Target 1'
compiling 11.3.c...
linking...
.\8.axf: Error: L6200E: Symbol __ARM_use_no_argv multiply defined (by 11.3.o and 9.4.o).
.\8.axf: Error: L6200E: Symbol main multiply defined (by 11.3.o and 9.4.o).
".\8.axf" - 2 Errors, 0 Warning(s).
Target not created
Build target 'Target 1'
compiling 11.3.c...
linking...
Program Size: Code=3172 RO-data=56 RW-data=12 ZI-data=1300  
FromELF: creating hex file...
".\8.axf" - 0 Errors, 0 Warning(s).
Build target 'Target 1'
compiling 11.3.c...
linking...
Program Size: Code=3172 RO-data=56 RW-data=12 ZI-data=1300  
FromELF: creating hex file...
".\8.axf" - 0 Errors, 0 Warning(s).
Build target 'Target 1'
compiling 11.3.c...
linking...
Program Size: Code=3128 RO-data=56 RW-data=12 ZI-data=1292  
FromELF: creating hex file...
".\8.axf" - 0 Errors, 0 Warning(s).
