<html>
<body>
<pre>
<h1>µVision Build Log</h1>
<h2>Project:</h2>
C:\Users\dawid\OneDrive\Pulpit\programowanie w c\Current\8.uvproj
Project File Date:  03/19/2020

<h2>Output:</h2>
Build target 'Target 1'
compiling 11.3.c...
11.3.c(106): warning:  #177-D: variable "ucArrayIndex" was declared but never referenced
linking...
.\8.axf: Error: L6200E: Symbol __ARM_use_no_argv multiply defined (by 11.3.o and 9.4.o).
.\8.axf: Error: L6200E: Symbol main multiply defined (by 11.3.o and 9.4.o).
".\8.axf" - 2 Errors, 1 Warning(s).
Target not created
Build target 'Target 1'
compiling 11.3.c...
linking...
.\8.axf: Error: L6200E: Symbol __ARM_use_no_argv multiply defined (by 11.3.o and 9.4.o).
.\8.axf: Error: L6200E: Symbol main multiply defined (by 11.3.o and 9.4.o).
".\8.axf" - 2 Errors, 0 Warning(s).
Target not created
Build target 'Target 1'
compiling 11.3.c...
linking...
.\8.axf: Error: L6200E: Symbol __ARM_use_no_argv multiply defined (by 11.3.o and 9.4.o).
.\8.axf: Error: L6200E: Symbol main multiply defined (by 11.3.o and 9.4.o).
".\8.axf" - 2 Errors, 0 Warning(s).
Target not created
Build target 'Target 1'
compiling 11.3.c...
11.3.c(62): error:  #20: identifier "pArray3" is undefined
11.3.c(105): warning:  #177-D: variable "gt" was declared but never referenced
".\8.axf" - 1 Errors, 1 Warning(s).
Target not created
Build target 'Target 1'
compiling 11.3.c...
linking...
.\8.axf: Error: L6200E: Symbol __ARM_use_no_argv multiply defined (by 11.3.o and 9.4.o).
.\8.axf: Error: L6200E: Symbol main multiply defined (by 11.3.o and 9.4.o).
".\8.axf" - 2 Errors, 0 Warning(s).
Target not created
Build target 'Target 1'
compiling 11.3.c...
linking...
Program Size: Code=3172 RO-data=56 RW-data=12 ZI-data=1300  
FromELF: creating hex file...
".\8.axf" - 0 Errors, 0 Warning(s).
Build target 'Target 1'
compiling 11.3.c...
linking...
Program Size: Code=3172 RO-data=56 RW-data=12 ZI-data=1300  
FromELF: creating hex file...
".\8.axf" - 0 Errors, 0 Warning(s).
Build target 'Target 1'
compiling 11.3.c...
linking...
Program Size: Code=3128 RO-data=56 RW-data=12 ZI-data=1292  
FromELF: creating hex file...
".\8.axf" - 0 Errors, 0 Warning(s).
Build target 'Target 1'
linking...
.\8.axf: Error: L6218E: Undefined symbol Reciever_PutCharacterToBuffer (referred from uart.o).
.\8.axf: Error: L6218E: Undefined symbol main (referred from rtentry2.o).
".\8.axf" - 2 Errors, 0 Warning(s).
Target not created
Build target 'Target 1'
compiling servo.c...
compiling 12.1.c...
linking...
.\8.axf: Error: L6200E: Symbol sServo multiply defined (by 12.1.o and servo.o).
.\8.axf: Error: L6200E: Symbol DetectorInit multiply defined (by 12.1.o and servo.o).
.\8.axf: Error: L6200E: Symbol eReadDetector multiply defined (by 12.1.o and servo.o).
.\8.axf: Error: L6200E: Symbol Automat multiply defined (by 12.1.o and servo.o).
.\8.axf: Error: L6200E: Symbol ServoCallib multiply defined (by 12.1.o and servo.o).
.\8.axf: Error: L6200E: Symbol ServoInit multiply defined (by 12.1.o and servo.o).
.\8.axf: Error: L6200E: Symbol ServoGoTo multiply defined (by 12.1.o and servo.o).
".\8.axf" - 7 Errors, 0 Warning(s).
Target not created
Build target 'Target 1'
compiling servo.c...
compiling 12.1.c...
linking...
.\8.axf: Error: L6200E: Symbol sServo multiply defined (by 12.1.o and servo.o).
.\8.axf: Error: L6200E: Symbol DetectorInit multiply defined (by 12.1.o and servo.o).
.\8.axf: Error: L6200E: Symbol eReadDetector multiply defined (by 12.1.o and servo.o).
.\8.axf: Error: L6200E: Symbol Automat multiply defined (by 12.1.o and servo.o).
.\8.axf: Error: L6200E: Symbol ServoCallib multiply defined (by 12.1.o and servo.o).
.\8.axf: Error: L6200E: Symbol ServoInit multiply defined (by 12.1.o and servo.o).
.\8.axf: Error: L6200E: Symbol ServoGoTo multiply defined (by 12.1.o and servo.o).
".\8.axf" - 7 Errors, 0 Warning(s).
Target not created
Build target 'Target 1'
compiling 12.1.c...
linking...
.\8.axf: Error: L6200E: Symbol sServo multiply defined (by 12.1.o and servo.o).
.\8.axf: Error: L6200E: Symbol DetectorInit multiply defined (by 12.1.o and servo.o).
.\8.axf: Error: L6200E: Symbol eReadDetector multiply defined (by 12.1.o and servo.o).
.\8.axf: Error: L6200E: Symbol Automat multiply defined (by 12.1.o and servo.o).
.\8.axf: Error: L6200E: Symbol ServoCallib multiply defined (by 12.1.o and servo.o).
.\8.axf: Error: L6200E: Symbol ServoInit multiply defined (by 12.1.o and servo.o).
.\8.axf: Error: L6200E: Symbol ServoGoTo multiply defined (by 12.1.o and servo.o).
".\8.axf" - 7 Errors, 0 Warning(s).
Target not created
Build target 'Target 1'
compiling 12.1.c...
linking...
Program Size: Code=3128 RO-data=56 RW-data=12 ZI-data=1292  
FromELF: creating hex file...
".\8.axf" - 0 Errors, 0 Warning(s).
Build target 'Target 1'
compiling servo.c...
compiling 12.1.c...
linking...
.\8.axf: Error: L6200E: Symbol sServo multiply defined (by 12.1.o and servo.o).
".\8.axf" - 1 Errors, 0 Warning(s).
Target not created
Build target 'Target 1'
compiling servo.c...
compiling 12.1.c...
linking...
Program Size: Code=3128 RO-data=56 RW-data=12 ZI-data=1292  
FromELF: creating hex file...
".\8.axf" - 0 Errors, 0 Warning(s).
Build target 'Target 1'
compiling uart.c...
uart.h(9): error:  #20: identifier "TRANSMITER_SIZE" is undefined
uart.h(13): warning:  #375-D: declaration requires a typedef name
uart.c(68): warning:  #1-D: last line of file ends without a newline
compiling 12.1.c...
uart.h(9): error:  #20: identifier "TRANSMITER_SIZE" is undefined
uart.h(13): warning:  #375-D: declaration requires a typedef name
12.1.c(107): error:  #29: expected an expression
12.1.c(108): error:  #18: expected a ")"
12.1.c(108): error:  #127: expected a statement
12.1.c(108): warning:  #940-D: missing return statement at end of non-void function "Transmiter_GetCharacterFromBuffer"
".\8.axf" - 5 Errors, 4 Warning(s).
Target not created
Build target 'Target 1'
compiling uart.c...
uart.h(13): warning:  #375-D: declaration requires a typedef name
uart.c(68): warning:  #1-D: last line of file ends without a newline
compiling 12.1.c...
uart.h(13): warning:  #375-D: declaration requires a typedef name
12.1.c(107): error:  #29: expected an expression
12.1.c(108): error:  #18: expected a ")"
12.1.c(108): error:  #127: expected a statement
12.1.c(108): warning:  #940-D: missing return statement at end of non-void function "Transmiter_GetCharacterFromBuffer"
".\8.axf" - 3 Errors, 4 Warning(s).
Target not created
Build target 'Target 1'
compiling uart.c...
uart.h(10): warning:  #1295-D: Deprecated declaration Transmiter_GetCharacterFromBuffer - give arg types
uart.c(85): warning:  #1-D: last line of file ends without a newline
compiling 12.1.c...
uart.h(10): warning:  #1295-D: Deprecated declaration Transmiter_GetCharacterFromBuffer - give arg types
linking...
.\8.axf: Error: L6200E: Symbol ucCharCtr multiply defined (by 12.1.o and uart.o).
".\8.axf" - 1 Errors, 3 Warning(s).
Target not created
Build target 'Target 1'
compiling uart.c...
uart.h(10): warning:  #1295-D: Deprecated declaration Transmiter_GetCharacterFromBuffer - give arg types
uart.c(83): error:  #147-D: declaration is incompatible with "void Transmiter_SendString(unsigned char *)" (declared at line 9 of "uart.h")
uart.c(84): error:  #513: a value of type "unsigned char *" cannot be assigned to an entity of type "char"
uart.c(85): warning:  #1-D: last line of file ends without a newline
".\8.axf" - 2 Errors, 2 Warning(s).
Target not created
Build target 'Target 1'
compiling uart.c...
uart.h(10): warning:  #1295-D: Deprecated declaration Transmiter_GetCharacterFromBuffer - give arg types
uart.c(83): error:  #147-D: declaration is incompatible with "void Transmiter_SendString(unsigned char *)" (declared at line 9 of "uart.h")
uart.c(84): error:  #513: a value of type "unsigned char *" cannot be assigned to an entity of type "char"
uart.c(85): warning:  #1-D: last line of file ends without a newline
".\8.axf" - 2 Errors, 2 Warning(s).
Target not created
Build target 'Target 1'
compiling uart.c...
uart.h(10): warning:  #1295-D: Deprecated declaration Transmiter_GetCharacterFromBuffer - give arg types
uart.c(85): warning:  #1-D: last line of file ends without a newline
linking...
.\8.axf: Error: L6200E: Symbol ucCharCtr multiply defined (by 12.1.o and uart.o).
".\8.axf" - 1 Errors, 2 Warning(s).
Target not created
Build target 'Target 1'
compiling uart.c...
uart.h(10): warning:  #1295-D: Deprecated declaration Transmiter_GetCharacterFromBuffer - give arg types
linking...
.\8.axf: Error: L6200E: Symbol ucCharCtr multiply defined (by 12.1.o and uart.o).
".\8.axf" - 1 Errors, 1 Warning(s).
Target not created
Build target 'Target 1'
linking...
.\8.axf: Error: L6218E: Undefined symbol Reciever_PutCharacterToBuffer (referred from uart.o).
.\8.axf: Error: L6218E: Undefined symbol main (referred from rtentry2.o).
".\8.axf" - 2 Errors, 0 Warning(s).
Target not created
Build target 'Target 1'
compiling 12.1.c...
uart.h(10): warning:  #1295-D: Deprecated declaration Transmiter_GetCharacterFromBuffer - give arg types
12.1.c(25): warning:  #177-D: variable "callib" was declared but never referenced
12.1.c(26): warning:  #177-D: variable "gt" was declared but never referenced
linking...
.\8.axf: Error: L6200E: Symbol ucCharCtr multiply defined (by 12.1.o and uart.o).
".\8.axf" - 1 Errors, 3 Warning(s).
Target not created
Build target 'Target 1'
compiling 12.1.c...
uart.h(10): warning:  #1295-D: Deprecated declaration Transmiter_GetCharacterFromBuffer - give arg types
linking...
.\8.axf: Error: L6200E: Symbol ucCharCtr multiply defined (by 12.1.o and uart.o).
".\8.axf" - 1 Errors, 1 Warning(s).
Target not created
Build target 'Target 1'
compiling 12.1.c...
uart.h(10): warning:  #1295-D: Deprecated declaration Transmiter_GetCharacterFromBuffer - give arg types
linking...
.\8.axf: Error: L6218E: Undefined symbol Reciever_PutCharacterToBuffer (referred from uart.o).
".\8.axf" - 1 Errors, 1 Warning(s).
Target not created
Build target 'Target 1'
compiling uart.c...
uart.h(10): warning:  #1295-D: Deprecated declaration Transmiter_GetCharacterFromBuffer - give arg types
uart.c(41): warning:  #223-D: function "Reciever_PutCharacterToBuffer" declared implicitly
compiling 12.1.c...
uart.h(10): warning:  #1295-D: Deprecated declaration Transmiter_GetCharacterFromBuffer - give arg types
linking...
.\8.axf: Error: L6218E: Undefined symbol Reciever_PutCharacterToBuffer (referred from uart.o).
".\8.axf" - 1 Errors, 3 Warning(s).
Target not created
Build target 'Target 1'
compiling uart.c...
uart.h(10): warning:  #1295-D: Deprecated declaration Transmiter_GetCharacterFromBuffer - give arg types
linking...
Program Size: Code=2544 RO-data=32 RW-data=12 ZI-data=1284  
FromELF: creating hex file...
".\8.axf" - 0 Errors, 1 Warning(s).
Build target 'Target 1'
compiling uart.c...
uart.h(10): warning:  #1295-D: Deprecated declaration Transmiter_GetCharacterFromBuffer - give arg types
linking...
Program Size: Code=2544 RO-data=32 RW-data=12 ZI-data=1284  
FromELF: creating hex file...
".\8.axf" - 0 Errors, 1 Warning(s).
Build target 'Target 1'
compiling uart.c...
uart.h(10): warning:  #1295-D: Deprecated declaration Transmiter_GetCharacterFromBuffer - give arg types
compiling 12.1.c...
uart.h(10): warning:  #1295-D: Deprecated declaration Transmiter_GetCharacterFromBuffer - give arg types
linking...
.\8.axf: Error: L6200E: Symbol tablica multiply defined (by 12.1.o and uart.o).
".\8.axf" - 1 Errors, 2 Warning(s).
Target not created
Build target 'Target 1'
compiling uart.c...
uart.h(10): warning:  #1295-D: Deprecated declaration Transmiter_GetCharacterFromBuffer - give arg types
compiling 12.1.c...
uart.h(10): warning:  #1295-D: Deprecated declaration Transmiter_GetCharacterFromBuffer - give arg types
linking...
Program Size: Code=2660 RO-data=32 RW-data=12 ZI-data=1284  
FromELF: creating hex file...
".\8.axf" - 0 Errors, 2 Warning(s).
Build target 'Target 1'
compiling uart.c...
uart.c(71): error:  #147-D: declaration is incompatible with "char Transmiter_GetCharacterFromBuffer(unsigned char *)" (declared at line 10 of "uart.h")
compiling 12.1.c...
".\8.axf" - 1 Errors, 0 Warning(s).
Target not created
Build target 'Target 1'
compiling uart.c...
compiling 12.1.c...
linking...
Program Size: Code=2660 RO-data=32 RW-data=12 ZI-data=1284  
FromELF: creating hex file...
".\8.axf" - 0 Errors, 0 Warning(s).
Build target 'Target 1'
compiling uart.c...
linking...
Program Size: Code=2660 RO-data=32 RW-data=12 ZI-data=1284  
FromELF: creating hex file...
".\8.axf" - 0 Errors, 0 Warning(s).
Build target 'Target 1'
compiling uart.c...
linking...
Program Size: Code=2656 RO-data=32 RW-data=12 ZI-data=1284  
FromELF: creating hex file...
".\8.axf" - 0 Errors, 0 Warning(s).
Build target 'Target 1'
compiling 12.1.c...
linking...
Program Size: Code=2668 RO-data=32 RW-data=12 ZI-data=1284  
FromELF: creating hex file...
".\8.axf" - 0 Errors, 0 Warning(s).
Build target 'Target 1'
compiling 12.1.c...
linking...
Program Size: Code=2684 RO-data=32 RW-data=12 ZI-data=1284  
FromELF: creating hex file...
".\8.axf" - 0 Errors, 0 Warning(s).
Build target 'Target 1'
linking...
Program Size: Code=2684 RO-data=32 RW-data=12 ZI-data=1284  
FromELF: creating hex file...
".\8.axf" - 0 Errors, 0 Warning(s).
Build target 'Target 1'
compiling 12.1.c...
linking...
Program Size: Code=2656 RO-data=32 RW-data=12 ZI-data=1284  
FromELF: creating hex file...
".\8.axf" - 0 Errors, 0 Warning(s).
Build target 'Target 1'
compiling uart.c...
compiling 12.1.c...
linking...
Program Size: Code=2668 RO-data=32 RW-data=12 ZI-data=1284  
FromELF: creating hex file...
".\8.axf" - 0 Errors, 0 Warning(s).
Build target 'Target 1'
compiling uart.c...
compiling 12.1.c...
linking...
.\8.axf: Error: L6200E: Symbol cos multiply defined (by 12.1.o and uart.o).
".\8.axf" - 1 Errors, 0 Warning(s).
Target not created
Build target 'Target 1'
compiling uart.c...
compiling 12.1.c...
linking...
Program Size: Code=2676 RO-data=32 RW-data=12 ZI-data=1284  
FromELF: creating hex file...
".\8.axf" - 0 Errors, 0 Warning(s).
Build target 'Target 1'
compiling 12.1.c...
linking...
Program Size: Code=2720 RO-data=32 RW-data=20 ZI-data=1284  
FromELF: creating hex file...
".\8.axf" - 0 Errors, 0 Warning(s).
Build target 'Target 1'
compiling 12.1.c...
12.1.c(41): error:  #65: expected a ";"
12.1.c(42): warning:  #223-D: function "delay" declared implicitly
".\8.axf" - 1 Errors, 1 Warning(s).
Target not created
Build target 'Target 1'
compiling 12.1.c...
12.1.c(41): error:  #65: expected a ";"
12.1.c(42): warning:  #223-D: function "Delay" declared implicitly
".\8.axf" - 1 Errors, 1 Warning(s).
Target not created
Build target 'Target 1'
compiling 12.1.c...
12.1.c(41): error:  #65: expected a ";"
12.1.c(42): warning:  #223-D: function "delay" declared implicitly
".\8.axf" - 1 Errors, 1 Warning(s).
Target not created
Build target 'Target 1'
compiling 12.1.c...
12.1.c(41): error:  #65: expected a ";"
".\8.axf" - 1 Errors, 0 Warning(s).
Target not created
Build target 'Target 1'
compiling 12.1.c...
compiling 8.5.c...
linking...
.\8.axf: Error: L6200E: Symbol __ARM_use_no_argv multiply defined (by 8.5.o and 12.1.o).
.\8.axf: Error: L6200E: Symbol main multiply defined (by 8.5.o and 12.1.o).
".\8.axf" - 2 Errors, 0 Warning(s).
Target not created
Build target 'Target 1'
linking...
Program Size: Code=2748 RO-data=32 RW-data=20 ZI-data=1284  
FromELF: creating hex file...
".\8.axf" - 0 Errors, 0 Warning(s).
Build target 'Target 1'
compiling 12.1.c...
12.1.c(38): error:  #26: too many characters in character constant
".\8.axf" - 1 Errors, 0 Warning(s).
Target not created
Build target 'Target 1'
compiling 12.1.c...
linking...
Program Size: Code=2748 RO-data=32 RW-data=16 ZI-data=1288  
FromELF: creating hex file...
".\8.axf" - 0 Errors, 0 Warning(s).
Build target 'Target 1'
compiling 12.1.c...
linking...
Program Size: Code=2748 RO-data=32 RW-data=20 ZI-data=1284  
FromELF: creating hex file...
".\8.axf" - 0 Errors, 0 Warning(s).
Build target 'Target 1'
compiling 12.1.c...
linking...
Program Size: Code=2744 RO-data=32 RW-data=20 ZI-data=1284  
FromELF: creating hex file...
".\8.axf" - 0 Errors, 0 Warning(s).
Build target 'Target 1'
compiling 12.1.c...
12.1.c(38): warning:  #2548-D: multicharacter character literal (potential portability problem)
12.1.c(38): warning:  #69-D: integer conversion resulted in truncation
linking...
Program Size: Code=2744 RO-data=32 RW-data=20 ZI-data=1284  
FromELF: creating hex file...
".\8.axf" - 0 Errors, 2 Warning(s).
Build target 'Target 1'
linking...
Program Size: Code=2744 RO-data=32 RW-data=20 ZI-data=1284  
FromELF: creating hex file...
".\8.axf" - 0 Errors, 0 Warning(s).
Build target 'Target 1'
compiling 12.1.c...
linking...
Program Size: Code=2748 RO-data=32 RW-data=20 ZI-data=1284  
FromELF: creating hex file...
".\8.axf" - 0 Errors, 0 Warning(s).
Build target 'Target 1'
compiling 12.1.c...
linking...
Program Size: Code=2748 RO-data=32 RW-data=20 ZI-data=1284  
FromELF: creating hex file...
".\8.axf" - 0 Errors, 0 Warning(s).
Build target 'Target 1'
compiling 12.1.c...
linking...
Program Size: Code=2748 RO-data=32 RW-data=20 ZI-data=1284  
FromELF: creating hex file...
".\8.axf" - 0 Errors, 0 Warning(s).
Build target 'Target 1'
compiling 12.1.c...
12.1.c(50): warning:  #1-D: last line of file ends without a newline
linking...
Program Size: Code=2900 RO-data=32 RW-data=28 ZI-data=1284  
FromELF: creating hex file...
".\8.axf" - 0 Errors, 1 Warning(s).
Build target 'Target 1'
compiling 12.1.c...
linking...
Program Size: Code=2900 RO-data=32 RW-data=28 ZI-data=1284  
FromELF: creating hex file...
".\8.axf" - 0 Errors, 0 Warning(s).
Build target 'Target 1'
compiling 12.1.c...
12.1.c(50): warning:  #223-D: function "delay" declared implicitly
linking...
.\8.axf: Error: L6218E: Undefined symbol delay (referred from 12.1.o).
".\8.axf" - 1 Errors, 1 Warning(s).
Target not created
Build target 'Target 1'
compiling 12.1.c...
linking...
Program Size: Code=4244 RO-data=32 RW-data=28 ZI-data=1284  
FromELF: creating hex file...
".\8.axf" - 0 Errors, 0 Warning(s).
Build target 'Target 1'
compiling 12.1.c...
linking...
Program Size: Code=4280 RO-data=32 RW-data=28 ZI-data=1284  
FromELF: creating hex file...
".\8.axf" - 0 Errors, 0 Warning(s).
Build target 'Target 1'
compiling 12.1.c...
linking...
Program Size: Code=4280 RO-data=32 RW-data=28 ZI-data=1284  
FromELF: creating hex file...
".\8.axf" - 0 Errors, 0 Warning(s).
Build target 'Target 1'
compiling 12.1.c...
12.1.c(41): error:  #20: identifier "liczb" is undefined
".\8.axf" - 1 Errors, 0 Warning(s).
Target not created
Build target 'Target 1'
compiling 12.1.c...
linking...
Program Size: Code=4052 RO-data=32 RW-data=20 ZI-data=1284  
FromELF: creating hex file...
".\8.axf" - 0 Errors, 0 Warning(s).
Build target 'Target 1'
compiling 12.1.c...
12.1.c(45): error:  #65: expected a ";"
".\8.axf" - 1 Errors, 0 Warning(s).
Target not created
Build target 'Target 1'
compiling 12.1.c...
12.1.c(45): error:  #65: expected a ";"
".\8.axf" - 1 Errors, 0 Warning(s).
Target not created
Build target 'Target 1'
compiling 12.1.c...
linking...
Program Size: Code=4064 RO-data=32 RW-data=20 ZI-data=1284  
FromELF: creating hex file...
".\8.axf" - 0 Errors, 0 Warning(s).
Build target 'Target 1'
compiling 12.1.c...
linking...
Program Size: Code=4064 RO-data=32 RW-data=20 ZI-data=1284  
FromELF: creating hex file...
".\8.axf" - 0 Errors, 0 Warning(s).
Build target 'Target 1'
compiling 12.1.c...
linking...
Program Size: Code=4052 RO-data=32 RW-data=20 ZI-data=1284  
FromELF: creating hex file...
".\8.axf" - 0 Errors, 0 Warning(s).
Build target 'Target 1'
compiling 12.1.c...
linking...
Program Size: Code=4064 RO-data=32 RW-data=20 ZI-data=1284  
FromELF: creating hex file...
".\8.axf" - 0 Errors, 0 Warning(s).
Build target 'Target 1'
compiling 12.1.c...
linking...
Program Size: Code=4052 RO-data=32 RW-data=20 ZI-data=1284  
FromELF: creating hex file...
".\8.axf" - 0 Errors, 0 Warning(s).
Build target 'Target 1'
compiling 12.1.c...
linking...
Program Size: Code=4060 RO-data=32 RW-data=20 ZI-data=1284  
FromELF: creating hex file...
".\8.axf" - 0 Errors, 0 Warning(s).
Build target 'Target 1'
compiling 12.1.c...
linking...
Program Size: Code=4060 RO-data=32 RW-data=20 ZI-data=1284  
FromELF: creating hex file...
".\8.axf" - 0 Errors, 0 Warning(s).
Build target 'Target 1'
compiling 12.1.c...
12.1.c(25): warning:  #223-D: function "Delay" declared implicitly
linking...
.\8.axf: Error: L6218E: Undefined symbol Delay (referred from 12.1.o).
".\8.axf" - 1 Errors, 1 Warning(s).
Target not created
Build target 'Target 1'
linking...
.\8.axf: Error: L6218E: Undefined symbol Delay (referred from 12.1.o).
".\8.axf" - 1 Errors, 0 Warning(s).
Target not created
Build target 'Target 1'
compiling 12.1.c...
linking...
Program Size: Code=1700 RO-data=32 RW-data=12 ZI-data=1276  
FromELF: creating hex file...
".\8.axf" - 0 Errors, 0 Warning(s).
Build target 'Target 1'
compiling 12.1.c...
linking...
Program Size: Code=1700 RO-data=32 RW-data=8 ZI-data=1272  
FromELF: creating hex file...
".\8.axf" - 0 Errors, 0 Warning(s).
Build target 'Target 1'
compiling 12.1.c...
linking...
Program Size: Code=1680 RO-data=32 RW-data=8 ZI-data=1272  
FromELF: creating hex file...
".\8.axf" - 0 Errors, 0 Warning(s).
Build target 'Target 1'
compiling uart.c...
compiling 12.1.c...
linking...
Program Size: Code=1684 RO-data=32 RW-data=16 ZI-data=1272  
FromELF: creating hex file...
".\8.axf" - 0 Errors, 0 Warning(s).
Build target 'Target 1'
compiling uart.c...
linking...
Program Size: Code=1696 RO-data=32 RW-data=16 ZI-data=1272  
FromELF: creating hex file...
".\8.axf" - 0 Errors, 0 Warning(s).
Build target 'Target 1'
compiling uart.c...
uart.c(88): error:  #144: a value of type "int" cannot be used to initialize an entity of type "struct TransmiterBuffer"
".\8.axf" - 1 Errors, 0 Warning(s).
Target not created
Build target 'Target 1'
compiling uart.c...
uart.c(88): error:  #144: a value of type "int" cannot be used to initialize an entity of type "struct TransmiterBuffer"
".\8.axf" - 1 Errors, 0 Warning(s).
Target not created
Build target 'Target 1'
compiling uart.c...
linking...
Program Size: Code=1708 RO-data=32 RW-data=16 ZI-data=1272  
FromELF: creating hex file...
".\8.axf" - 0 Errors, 0 Warning(s).
Build target 'Target 1'
compiling uart.c...
uart.c(45): error:  #31: expression must have integral type
".\8.axf" - 1 Errors, 0 Warning(s).
Target not created
Build target 'Target 1'
compiling uart.c...
linking...
Program Size: Code=1712 RO-data=32 RW-data=16 ZI-data=1272  
FromELF: creating hex file...
".\8.axf" - 0 Errors, 0 Warning(s).
Build target 'Target 1'
compiling 12.1.c...
12.1.c(21): error:  #20: identifier "sTransmiterBuffer" is undefined
".\8.axf" - 1 Errors, 0 Warning(s).
Target not created
Build target 'Target 1'
compiling 12.1.c...
linking...
Program Size: Code=1728 RO-data=32 RW-data=16 ZI-data=1272  
FromELF: creating hex file...
".\8.axf" - 0 Errors, 0 Warning(s).
Build target 'Target 1'
linking...
Program Size: Code=1728 RO-data=32 RW-data=16 ZI-data=1272  
FromELF: creating hex file...
".\8.axf" - 0 Errors, 0 Warning(s).
Build target 'Target 1'
compiling uart.c...
compiling 12.1.c...
linking...
Program Size: Code=1704 RO-data=32 RW-data=16 ZI-data=1272  
FromELF: creating hex file...
".\8.axf" - 0 Errors, 0 Warning(s).
Build target 'Target 1'
compiling uart.c...
linking...
Program Size: Code=1728 RO-data=32 RW-data=16 ZI-data=1272  
FromELF: creating hex file...
".\8.axf" - 0 Errors, 0 Warning(s).
Build target 'Target 1'
compiling uart.c...
linking...
Program Size: Code=1712 RO-data=32 RW-data=16 ZI-data=1272  
FromELF: creating hex file...
".\8.axf" - 0 Errors, 0 Warning(s).
Build target 'Target 1'
compiling uart.c...
linking...
Program Size: Code=1712 RO-data=32 RW-data=16 ZI-data=1272  
FromELF: creating hex file...
".\8.axf" - 0 Errors, 0 Warning(s).
Build target 'Target 1'
compiling 12.1.c...
linking...
Program Size: Code=1724 RO-data=32 RW-data=16 ZI-data=1272  
FromELF: creating hex file...
".\8.axf" - 0 Errors, 0 Warning(s).
Build target 'Target 1'
compiling 12.1.c...
linking...
Program Size: Code=1736 RO-data=32 RW-data=16 ZI-data=1272  
FromELF: creating hex file...
".\8.axf" - 0 Errors, 0 Warning(s).
Build target 'Target 1'
compiling 12.1.c...
linking...
Program Size: Code=1744 RO-data=32 RW-data=16 ZI-data=1272  
FromELF: creating hex file...
".\8.axf" - 0 Errors, 0 Warning(s).
Build target 'Target 1'
compiling 12.1.c...
linking...
Program Size: Code=1724 RO-data=32 RW-data=16 ZI-data=1272  
FromELF: creating hex file...
".\8.axf" - 0 Errors, 0 Warning(s).
Build target 'Target 1'
compiling uart.c...
linking...
Program Size: Code=1700 RO-data=32 RW-data=16 ZI-data=1272  
FromELF: creating hex file...
".\8.axf" - 0 Errors, 0 Warning(s).
Build target 'Target 1'
compiling 12.1.c...
linking...
Program Size: Code=1700 RO-data=32 RW-data=16 ZI-data=1272  
FromELF: creating hex file...
".\8.axf" - 0 Errors, 0 Warning(s).
Build target 'Target 1'
compiling 12.1.c...
linking...
Program Size: Code=1700 RO-data=32 RW-data=16 ZI-data=1272  
FromELF: creating hex file...
".\8.axf" - 0 Errors, 0 Warning(s).
Build target 'Target 1'
compiling uart.c...
compiling 12.1.c...
linking...
Program Size: Code=1724 RO-data=32 RW-data=16 ZI-data=1272  
FromELF: creating hex file...
".\8.axf" - 0 Errors, 0 Warning(s).
Build target 'Target 1'
compiling uart.c...
linking...
Program Size: Code=1740 RO-data=32 RW-data=16 ZI-data=1272  
FromELF: creating hex file...
".\8.axf" - 0 Errors, 0 Warning(s).
Build target 'Target 1'
compiling uart.c...
compiling 12.1.c...
linking...
Program Size: Code=1732 RO-data=32 RW-data=16 ZI-data=1272  
FromELF: creating hex file...
".\8.axf" - 0 Errors, 0 Warning(s).
Build target 'Target 1'
linking...
Program Size: Code=1732 RO-data=32 RW-data=16 ZI-data=1272  
FromELF: creating hex file...
".\8.axf" - 0 Errors, 0 Warning(s).
Build target 'Target 1'
compiling 12.1.c...
linking...
.\8.axf: Error: L6218E: Undefined symbol cCharCtr1 (referred from 12.1.o).
".\8.axf" - 1 Errors, 0 Warning(s).
Target not created
Build target 'Target 1'
compiling 12.1.c...
linking...
Program Size: Code=1736 RO-data=32 RW-data=4 ZI-data=1276  
FromELF: creating hex file...
".\8.axf" - 0 Errors, 0 Warning(s).
Build target 'Target 1'
compiling uart.c...
compiling 12.1.c...
linking...
Program Size: Code=1740 RO-data=32 RW-data=4 ZI-data=1276  
FromELF: creating hex file...
".\8.axf" - 0 Errors, 0 Warning(s).
Build target 'Target 1'
compiling 12.1.c...
linking...
Program Size: Code=3084 RO-data=32 RW-data=4 ZI-data=1276  
FromELF: creating hex file...
".\8.axf" - 0 Errors, 0 Warning(s).
Build target 'Target 1'
compiling 12.1.c...
linking...
Program Size: Code=3080 RO-data=32 RW-data=4 ZI-data=1276  
FromELF: creating hex file...
".\8.axf" - 0 Errors, 0 Warning(s).
Build target 'Target 1'
compiling uart.c...
compiling 12.1.c...
linking...
Program Size: Code=3076 RO-data=32 RW-data=4 ZI-data=1276  
FromELF: creating hex file...
".\8.axf" - 0 Errors, 0 Warning(s).
Build target 'Target 1'
compiling 12.3.c...
linking...
Program Size: Code=1764 RO-data=32 RW-data=16 ZI-data=1272  
FromELF: creating hex file...
".\8.axf" - 0 Errors, 0 Warning(s).
Build target 'Target 1'
compiling uart.c...
compiling 12.3.c...
linking...
Program Size: Code=1764 RO-data=32 RW-data=16 ZI-data=1272  
FromELF: creating hex file...
".\8.axf" - 0 Errors, 0 Warning(s).
Build target 'Target 1'
compiling uart.c...
linking...
Program Size: Code=1724 RO-data=32 RW-data=16 ZI-data=1272  
FromELF: creating hex file...
".\8.axf" - 0 Errors, 0 Warning(s).
Build target 'Target 1'
compiling 12.4.c...
linking...
Program Size: Code=1912 RO-data=32 RW-data=24 ZI-data=1272  
FromELF: creating hex file...
".\8.axf" - 0 Errors, 0 Warning(s).
Build target 'Target 1'
compiling 12.4.c...
linking...
Program Size: Code=1912 RO-data=32 RW-data=24 ZI-data=1272  
FromELF: creating hex file...
".\8.axf" - 0 Errors, 0 Warning(s).
Build target 'Target 1'
compiling 12.4.c...
linking...
Program Size: Code=1912 RO-data=32 RW-data=24 ZI-data=1272  
FromELF: creating hex file...
".\8.axf" - 0 Errors, 0 Warning(s).
Build target 'Target 1'
compiling 12.4.c...
compiling 12.3.c...
linking...
.\8.axf: Error: L6200E: Symbol __ARM_use_no_argv multiply defined (by 12.3.o and 12.4.o).
.\8.axf: Error: L6200E: Symbol liczba multiply defined (by 12.3.o and 12.4.o).
.\8.axf: Error: L6200E: Symbol ucDane multiply defined (by 12.3.o and 12.4.o).
.\8.axf: Error: L6200E: Symbol main multiply defined (by 12.3.o and 12.4.o).
".\8.axf" - 4 Errors, 0 Warning(s).
Target not created
Build target 'Target 1'
compiling 12.4.c...
linking...
Program Size: Code=1940 RO-data=32 RW-data=24 ZI-data=1272  
FromELF: creating hex file...
".\8.axf" - 0 Errors, 0 Warning(s).
Build target 'Target 1'
compiling 12.5.c...
linking...
Program Size: Code=3296 RO-data=32 RW-data=12 ZI-data=1276  
FromELF: creating hex file...
".\8.axf" - 0 Errors, 0 Warning(s).
Build target 'Target 1'
compiling 12.5.c...
linking...
Program Size: Code=3516 RO-data=32 RW-data=52 ZI-data=1276  
FromELF: creating hex file...
".\8.axf" - 0 Errors, 0 Warning(s).
Build target 'Target 1'
compiling 12.5.c...
linking...
Program Size: Code=3516 RO-data=32 RW-data=52 ZI-data=1276  
FromELF: creating hex file...
".\8.axf" - 0 Errors, 0 Warning(s).
compiling uart.c...
"uart.c" - 0 Errors, 0 Warning(s).
Build target 'Target 1'
linking...
Program Size: Code=3516 RO-data=32 RW-data=52 ZI-data=1276  
FromELF: creating hex file...
".\8.axf" - 0 Errors, 0 Warning(s).
Build target 'Target 1'
compiling 12.5.c...
linking...
Program Size: Code=3516 RO-data=32 RW-data=52 ZI-data=1276  
FromELF: creating hex file...
".\8.axf" - 0 Errors, 0 Warning(s).
Build target 'Target 1'
compiling 12.5.c...
linking...
Program Size: Code=3516 RO-data=32 RW-data=52 ZI-data=1276  
FromELF: creating hex file...
".\8.axf" - 0 Errors, 0 Warning(s).
Build target 'Target 1'
compiling uart.c...
compiling 12.5.c...
linking...
Program Size: Code=3516 RO-data=32 RW-data=52 ZI-data=1284  
FromELF: creating hex file...
".\8.axf" - 0 Errors, 0 Warning(s).
Build target 'Target 1'
compiling 12.5.c...
linking...
.\8.axf: Error: L6200E: Symbol ucCharCtr1 multiply defined (by 12.5.o and uart.o).
".\8.axf" - 1 Errors, 0 Warning(s).
Target not created
Build target 'Target 1'
compiling 12.5.c...
linking...
Program Size: Code=3564 RO-data=32 RW-data=52 ZI-data=1284  
FromELF: creating hex file...
".\8.axf" - 0 Errors, 0 Warning(s).
Build target 'Target 1'
compiling 12.5.c...
linking...
Program Size: Code=3516 RO-data=32 RW-data=52 ZI-data=1284  
FromELF: creating hex file...
".\8.axf" - 0 Errors, 0 Warning(s).
Build target 'Target 1'
compiling 12.5.c...
linking...
Program Size: Code=3516 RO-data=32 RW-data=52 ZI-data=1284  
FromELF: creating hex file...
".\8.axf" - 0 Errors, 0 Warning(s).
Build target 'Target 1'
compiling 12.5.c...
linking...
Program Size: Code=3516 RO-data=32 RW-data=52 ZI-data=1284  
FromELF: creating hex file...
".\8.axf" - 0 Errors, 0 Warning(s).
Build target 'Target 1'
compiling uart.c...
compiling 12.5.c...
linking...
Program Size: Code=3572 RO-data=32 RW-data=52 ZI-data=1284  
FromELF: creating hex file...
".\8.axf" - 0 Errors, 0 Warning(s).
Build target 'Target 1'
linking...
Program Size: Code=3572 RO-data=32 RW-data=52 ZI-data=1284  
FromELF: creating hex file...
".\8.axf" - 0 Errors, 0 Warning(s).
Build target 'Target 1'
compiling 12.5.c...
12.5.c(78): warning:  #174-D: expression has no effect
12.5.c(84): warning:  #174-D: expression has no effect
linking...
Program Size: Code=3576 RO-data=32 RW-data=52 ZI-data=1284  
FromELF: creating hex file...
".\8.axf" - 0 Errors, 2 Warning(s).
Build target 'Target 1'
compiling 12.5.c...
linking...
Program Size: Code=3596 RO-data=32 RW-data=52 ZI-data=1284  
FromELF: creating hex file...
".\8.axf" - 0 Errors, 0 Warning(s).
Build target 'Target 1'
compiling 12.5.c...
linking...
Program Size: Code=3592 RO-data=32 RW-data=52 ZI-data=1284  
FromELF: creating hex file...
".\8.axf" - 0 Errors, 0 Warning(s).
Build target 'Target 1'
compiling 12.5.c...
linking...
Program Size: Code=3592 RO-data=32 RW-data=52 ZI-data=1284  
FromELF: creating hex file...
".\8.axf" - 0 Errors, 0 Warning(s).
Build target 'Target 1'
compiling 12.5.c...
linking...
Program Size: Code=3592 RO-data=32 RW-data=52 ZI-data=1284  
FromELF: creating hex file...
".\8.axf" - 0 Errors, 0 Warning(s).
Build target 'Target 1'
compiling 12.5.c...
linking...
Program Size: Code=3596 RO-data=32 RW-data=52 ZI-data=1284  
FromELF: creating hex file...
".\8.axf" - 0 Errors, 0 Warning(s).
Build target 'Target 1'
compiling uart.c...
compiling 12.6.c...
linking...
Program Size: Code=3596 RO-data=32 RW-data=72 ZI-data=1280  
FromELF: creating hex file...
".\8.axf" - 0 Errors, 0 Warning(s).
Build target 'Target 1'
compiling 12.6.c...
12.6.c(142): error:  #165: too few arguments in function call
compiling 11.3.c...
".\8.axf" - 1 Errors, 0 Warning(s).
Target not created
Build target 'Target 1'
compiling 12.6.c...
linking...
.\8.axf: Error: L6200E: Symbol ucCharCtr multiply defined (by 11.3.o and uart.o).
.\8.axf: Error: L6200E: Symbol __ARM_use_no_argv multiply defined (by 11.3.o and 12.6.o).
.\8.axf: Error: L6200E: Symbol tablica multiply defined (by 11.3.o and 12.6.o).
.\8.axf: Error: L6200E: Symbol sBuffer multiply defined (by 11.3.o and 12.6.o).
.\8.axf: Error: L6200E: Symbol iCompareString multiply defined (by 11.3.o and 12.6.o).
.\8.axf: Error: L6200E: Symbol Reciever_PutCharacterToBuffer multiply defined (by 11.3.o and 12.6.o).
.\8.axf: Error: L6200E: Symbol eReciever_GetStatus multiply defined (by 11.3.o and 12.6.o).
.\8.axf: Error: L6200E: Symbol Reciever_GetStringCopy multiply defined (by 11.3.o and 12.6.o).
.\8.axf: Error: L6200E: Symbol main multiply defined (by 11.3.o and 12.6.o).
".\8.axf" - 9 Errors, 0 Warning(s).
Target not created
Build target 'Target 1'
compiling 12.6.c...
linking...
Program Size: Code=3916 RO-data=32 RW-data=72 ZI-data=1304  
FromELF: creating hex file...
".\8.axf" - 0 Errors, 0 Warning(s).
Build target 'Target 1'
compiling 12.6.c...
linking...
Program Size: Code=4192 RO-data=32 RW-data=80 ZI-data=1304  
FromELF: creating hex file...
".\8.axf" - 0 Errors, 0 Warning(s).
