<html>
<body>
<pre>
<h1>µVision Build Log</h1>
<h2>Project:</h2>
C:\Users\dawid\OneDrive\Pulpit\programowanie w c\Current\8.uvproj
Project File Date:  03/19/2020

<h2>Output:</h2>
Build target 'Target 1'
compiling 9.4.c...
9.4.c(49): error:  #20: identifier "unigned" is undefined
9.4.c(49): error:  #84: invalid combination of type specifiers
9.4.c(52): error:  #29: expected an expression
9.4.c(54): error:  #65: expected a ";"
9.4.c(62): warning: At end of source:  #12-D: parsing restarts here after previous syntax error
9.4.c(62): error: At end of source:  #67: expected a "}"
".\8.axf" - 5 Errors, 1 Warning(s).
Target not created
Build target 'Target 1'
linking...
.\8.axf: Error: L6218E: Undefined symbol main (referred from rtentry2.o).
".\8.axf" - 1 Errors, 0 Warning(s).
Target not created
compiling 9.4.c...
"9.4.c" - 0 Errors, 0 Warning(s).
Build target 'Target 1'
compiling 9.4.c...
compiling uart.c...
C:\Keil\ARM\Inc\Philips\LPC21xx.H(198): warning:  #47-D: incompatible redefinition of macro "S0SPCR" (declared at line 179 of "C:\Keil\ARM\Inc\Philips\LPC210X.H")
C:\Keil\ARM\Inc\Philips\LPC21xx.H(200): warning:  #47-D: incompatible redefinition of macro "S0SPDR" (declared at line 181 of "C:\Keil\ARM\Inc\Philips\LPC210X.H")
linking...
Program Size: Code=692 RO-data=16 RW-data=0 ZI-data=1256  
FromELF: creating hex file...
".\8.axf" - 0 Errors, 2 Warning(s).
Build target 'Target 1'
compiling uart.c...
linking...
Program Size: Code=692 RO-data=16 RW-data=0 ZI-data=1256  
FromELF: creating hex file...
".\8.axf" - 0 Errors, 0 Warning(s).
Build target 'Target 1'
compiling 9.4.c...
compiling uart.c...
linking...
Program Size: Code=1376 RO-data=32 RW-data=4 ZI-data=1260  
FromELF: creating hex file...
".\8.axf" - 0 Errors, 0 Warning(s).
Build target 'Target 1'
linking...
Program Size: Code=1376 RO-data=32 RW-data=4 ZI-data=1260  
FromELF: creating hex file...
".\8.axf" - 0 Errors, 0 Warning(s).
Build target 'Target 1'
compiling uart.c...
linking...
Program Size: Code=1376 RO-data=32 RW-data=4 ZI-data=1260  
FromELF: creating hex file...
".\8.axf" - 0 Errors, 0 Warning(s).
Build target 'Target 1'
compiling uart.c...
linking...
Program Size: Code=1376 RO-data=32 RW-data=4 ZI-data=1260  
FromELF: creating hex file...
".\8.axf" - 0 Errors, 0 Warning(s).
Build target 'Target 1'
compiling uart.c...
linking...
Program Size: Code=1376 RO-data=32 RW-data=4 ZI-data=1260  
FromELF: creating hex file...
".\8.axf" - 0 Errors, 0 Warning(s).
compiling uart.c...
"uart.c" - 0 Errors, 0 Warning(s).
Build target 'Target 1'
compiling 9.4.c...
compiling uart.c...
linking...
.\8.axf: Error: L6200E: Symbol cOdebranyZnak multiply defined (by uart.o and 9.4.o).
".\8.axf" - 1 Errors, 0 Warning(s).
Target not created
Build target 'Target 1'
compiling 9.4.c...
compiling uart.c...
linking...
Program Size: Code=1376 RO-data=32 RW-data=4 ZI-data=1260  
FromELF: creating hex file...
".\8.axf" - 0 Errors, 0 Warning(s).
Build target 'Target 1'
compiling 9.4.c...
compiling uart.c...
linking...
Program Size: Code=1748 RO-data=32 RW-data=8 ZI-data=1256  
FromELF: creating hex file...
".\8.axf" - 0 Errors, 0 Warning(s).
Build target 'Target 1'
linking...
Program Size: Code=1748 RO-data=32 RW-data=8 ZI-data=1256  
FromELF: creating hex file...
".\8.axf" - 0 Errors, 0 Warning(s).
Build target 'Target 1'
compiling uart.c...
linking...
.\8.axf: Error: L6218E: Undefined symbol cOdebranyZnak (referred from 9.4.o).
".\8.axf" - 1 Errors, 0 Warning(s).
Target not created
Build target 'Target 1'
compiling 9.4.c...
compiling uart.c...
linking...
Program Size: Code=1376 RO-data=32 RW-data=4 ZI-data=1260  
FromELF: creating hex file...
".\8.axf" - 0 Errors, 0 Warning(s).
Build target 'Target 1'
compiling uart.c...
linking...
Program Size: Code=1376 RO-data=32 RW-data=4 ZI-data=1260  
FromELF: creating hex file...
".\8.axf" - 0 Errors, 0 Warning(s).
Build target 'Target 1'
compiling 9.4.c...
compiling uart.c...
linking...
Program Size: Code=1376 RO-data=32 RW-data=4 ZI-data=1260  
FromELF: creating hex file...
".\8.axf" - 0 Errors, 0 Warning(s).
Build target 'Target 1'
compiling uart.c...
linking...
Program Size: Code=1376 RO-data=32 RW-data=4 ZI-data=1260  
FromELF: creating hex file...
".\8.axf" - 0 Errors, 0 Warning(s).
Build target 'Target 1'
linking...
Program Size: Code=1376 RO-data=32 RW-data=4 ZI-data=1260  
FromELF: creating hex file...
".\8.axf" - 0 Errors, 0 Warning(s).
Build target 'Target 1'
compiling uart.c...
linking...
Program Size: Code=1376 RO-data=32 RW-data=4 ZI-data=1260  
FromELF: creating hex file...
".\8.axf" - 0 Errors, 0 Warning(s).
Build target 'Target 1'
compiling uart.c...
linking...
Program Size: Code=1376 RO-data=32 RW-data=4 ZI-data=1260  
FromELF: creating hex file...
".\8.axf" - 0 Errors, 0 Warning(s).
Build target 'Target 1'
compiling uart.c...
linking...
Program Size: Code=1376 RO-data=32 RW-data=4 ZI-data=1260  
FromELF: creating hex file...
".\8.axf" - 0 Errors, 0 Warning(s).
Build target 'Target 1'
compiling uart.c...
linking...
Program Size: Code=1376 RO-data=32 RW-data=4 ZI-data=1260  
FromELF: creating hex file...
".\8.axf" - 0 Errors, 0 Warning(s).
Build target 'Target 1'
compiling uart.c...
linking...
Program Size: Code=1376 RO-data=32 RW-data=4 ZI-data=1260  
FromELF: creating hex file...
".\8.axf" - 0 Errors, 0 Warning(s).
Build target 'Target 1'
compiling 9.4.c...
linking...
Program Size: Code=1748 RO-data=32 RW-data=8 ZI-data=1256  
FromELF: creating hex file...
".\8.axf" - 0 Errors, 0 Warning(s).
Build target 'Target 1'
compiling 9.4.c...
linking...
Program Size: Code=1756 RO-data=32 RW-data=8 ZI-data=1256  
FromELF: creating hex file...
".\8.axf" - 0 Errors, 0 Warning(s).
Build target 'Target 1'
compiling 9.4.c...
linking...
Program Size: Code=1756 RO-data=32 RW-data=8 ZI-data=1256  
FromELF: creating hex file...
".\8.axf" - 0 Errors, 0 Warning(s).
Build target 'Target 1'
compiling 9.4.c...
linking...
Program Size: Code=1748 RO-data=32 RW-data=8 ZI-data=1256  
FromELF: creating hex file...
".\8.axf" - 0 Errors, 0 Warning(s).
Build target 'Target 1'
compiling 9.4.c...
linking...
Program Size: Code=1756 RO-data=32 RW-data=8 ZI-data=1256  
FromELF: creating hex file...
".\8.axf" - 0 Errors, 0 Warning(s).
Build target 'Target 1'
compiling 9.4.c...
linking...
Program Size: Code=1756 RO-data=32 RW-data=8 ZI-data=1256  
FromELF: creating hex file...
".\8.axf" - 0 Errors, 0 Warning(s).
Build target 'Target 1'
linking...
Program Size: Code=1756 RO-data=32 RW-data=8 ZI-data=1256  
FromELF: creating hex file...
".\8.axf" - 0 Errors, 0 Warning(s).
Build target 'Target 1'
compiling 9.4.c...
linking...
Program Size: Code=1756 RO-data=32 RW-data=8 ZI-data=1256  
FromELF: creating hex file...
".\8.axf" - 0 Errors, 0 Warning(s).
Build target 'Target 1'
compiling uart.c...
linking...
Program Size: Code=1756 RO-data=32 RW-data=8 ZI-data=1256  
FromELF: creating hex file...
".\8.axf" - 0 Errors, 0 Warning(s).
compiling uart.c...
"uart.c" - 0 Errors, 0 Warning(s).
Build target 'Target 1'
compiling uart.c...
linking...
Program Size: Code=1756 RO-data=32 RW-data=8 ZI-data=1256  
FromELF: creating hex file...
".\8.axf" - 0 Errors, 0 Warning(s).
Build target 'Target 1'
compiling 9.4.c...
linking...
Program Size: Code=2524 RO-data=32 RW-data=12 ZI-data=1268  
FromELF: creating hex file...
".\8.axf" - 0 Errors, 0 Warning(s).
Build target 'Target 1'
compiling 9.4.c...
linking...
Program Size: Code=2520 RO-data=32 RW-data=12 ZI-data=1268  
FromELF: creating hex file...
".\8.axf" - 0 Errors, 0 Warning(s).
Build target 'Target 1'
compiling 9.4.c...
linking...
Program Size: Code=2488 RO-data=32 RW-data=12 ZI-data=1268  
FromELF: creating hex file...
".\8.axf" - 0 Errors, 0 Warning(s).
Build target 'Target 1'
compiling servo.c...
linking...
Program Size: Code=2492 RO-data=32 RW-data=12 ZI-data=1268  
FromELF: creating hex file...
".\8.axf" - 0 Errors, 0 Warning(s).
Build target 'Target 1'
compiling servo.c...
servo.c(11): error:  #77-D: this declaration has no storage class or type specifier
servo.c(11): error:  #147: declaration is incompatible with "struct Servo sServo" (declared at line 10)
servo.c(11): error:  #65: expected a ";"
servo.c(29): error:  #154: expression must have struct or union type
servo.c(32): error:  #154: expression must have struct or union type
servo.c(32): error:  #154: expression must have struct or union type
servo.c(33): error:  #154: expression must have struct or union type
servo.c(35): error:  #154: expression must have struct or union type
servo.c(35): error:  #154: expression must have struct or union type
servo.c(36): error:  #154: expression must have struct or union type
servo.c(39): error:  #154: expression must have struct or union type
servo.c(44): error:  #154: expression must have struct or union type
servo.c(44): error:  #154: expression must have struct or union type
servo.c(46): error:  #154: expression must have struct or union type
servo.c(48): error:  #154: expression must have struct or union type
servo.c(48): error:  #154: expression must have struct or union type
servo.c(50): error:  #154: expression must have struct or union type
servo.c(53): error:  #154: expression must have struct or union type
servo.c(59): error:  #154: expression must have struct or union type
servo.c(60): error:  #154: expression must have struct or union type
servo.c(61): error:  #154: expression must have struct or union type
servo.c(73): error:  #154: expression must have struct or union type
servo.c(87): error:  #154: expression must have struct or union type
".\8.axf" - 23 Errors, 0 Warning(s).
Target not created
Build target 'Target 1'
compiling servo.c...
linking...
Program Size: Code=2480 RO-data=32 RW-data=12 ZI-data=1268  
FromELF: creating hex file...
".\8.axf" - 0 Errors, 0 Warning(s).
Build target 'Target 1'
compiling 9.4.c...
linking...
Program Size: Code=2492 RO-data=32 RW-data=12 ZI-data=1268  
FromELF: creating hex file...
".\8.axf" - 0 Errors, 0 Warning(s).
Build target 'Target 1'
compiling 9.4.c...
9.4.c(27): error:  #20: identifier "ccOdebranyZnak" is undefined
".\8.axf" - 1 Errors, 0 Warning(s).
Target not created
Build target 'Target 1'
compiling 9.4.c...
linking...
Program Size: Code=2504 RO-data=32 RW-data=12 ZI-data=1268  
FromELF: creating hex file...
".\8.axf" - 0 Errors, 0 Warning(s).
Build target 'Target 1'
compiling 9.4.c...
linking...
Program Size: Code=2516 RO-data=32 RW-data=12 ZI-data=1268  
FromELF: creating hex file...
".\8.axf" - 0 Errors, 0 Warning(s).
Build target 'Target 1'
compiling 9.4.c...
linking...
Program Size: Code=2504 RO-data=32 RW-data=12 ZI-data=1268  
FromELF: creating hex file...
".\8.axf" - 0 Errors, 0 Warning(s).
Build target 'Target 1'
compiling 9.4.c...
linking...
Program Size: Code=2504 RO-data=32 RW-data=12 ZI-data=1268  
FromELF: creating hex file...
".\8.axf" - 0 Errors, 0 Warning(s).
Build target 'Target 1'
compiling 9.4.c...
linking...
Program Size: Code=2516 RO-data=32 RW-data=12 ZI-data=1268  
FromELF: creating hex file...
".\8.axf" - 0 Errors, 0 Warning(s).
