<html>
<body>
<pre>
<h1>µVision Build Log</h1>
<h2>Project:</h2>
C:\Users\dawid\OneDrive\Pulpit\Programowanie_System-w_Wbudowanych_v2\Archive\Uart\8.uvproj
Project File Date:  05/19/2020

<h2>Output:</h2>
Build target 'Target 1'
linking...
Program Size: Code=2508 RO-data=32 RW-data=8 ZI-data=1272  
FromELF: creating hex file...
".\8.axf" - 0 Errors, 0 Warning(s).
Rebuild target 'Target 1'
assembling Startup.s...
compiling Led.c...
compiling timer_interrupts.c...
compiling Keyboard.c...
compiling servo.c...
compiling uart.c...
compiling 10.4.c...
linking...
Program Size: Code=2508 RO-data=32 RW-data=8 ZI-data=1272  
FromELF: creating hex file...
".\8.axf" - 0 Errors, 0 Warning(s).
