<html>
<body>
<pre>
<h1>µVision Build Log</h1>
<h2>Project:</h2>
C:\Users\Blue\Desktop\programowanie w c\Archive\GPIO_5\Scechura_5.2.uvproj
Project File Date:  04/06/2020

<h2>Output:</h2>
Build target 'Target 1'
compiling main.c...
compiling Led.c...
linking...
Program Size: Code=2628 RO-data=32 RW-data=4 ZI-data=1260  
FromELF: creating hex file...
".\Scechura_5.2" - 0 Errors, 0 Warning(s).
Build target 'Target 1'
compiling main.c...
compiling Led.c...
linking...
Program Size: Code=2628 RO-data=32 RW-data=4 ZI-data=1260  
FromELF: creating hex file...
".\Scechura_5.2" - 0 Errors, 0 Warning(s).
