<html>
<body>
<pre>
<h1>µVision Build Log</h1>
<h2>Project:</h2>
C:\Users\dawid\OneDrive\Pulpit\Programowanie_System-w_Wbudowanych_v2\Archive\Uaert2\8.uvproj
Project File Date:  05/19/2020

<h2>Output:</h2>
Build target 'Target 1'
compiling main.c...
linking...
Program Size: Code=2940 RO-data=32 RW-data=16 ZI-data=1272  
FromELF: creating hex file...
".\8.axf" - 0 Errors, 0 Warning(s).
Build target 'Target 1'
compiling main.c...
linking...
Program Size: Code=2940 RO-data=32 RW-data=16 ZI-data=1272  
FromELF: creating hex file...
".\8.axf" - 0 Errors, 0 Warning(s).
Build target 'Target 1'
compiling main.c...
linking...
Program Size: Code=2940 RO-data=32 RW-data=16 ZI-data=1272  
FromELF: creating hex file...
".\8.axf" - 0 Errors, 0 Warning(s).
