<html>
<body>
<pre>
<h1>µVision Build Log</h1>
<h2>Project:</h2>
C:\Users\dawid\OneDrive\Pulpit\Studia\Programowanie_System-w_Wbudowanych\Archive\Uaert2\8.uvproj
Project File Date:  11/11/2020

<h2>Output:</h2>
Build target 'Target 1'
linking...
Program Size: Code=2940 RO-data=32 RW-data=16 ZI-data=1272  
FromELF: creating hex file...
".\8.axf" - 0 Errors, 0 Warning(s).
Build target 'Target 1'
compiling uart.c...
linking...
Program Size: Code=2940 RO-data=32 RW-data=16 ZI-data=1272  
FromELF: creating hex file...
".\8.axf" - 0 Errors, 0 Warning(s).
Build target 'Target 1'
compiling uart.c...
compiling main.c...
main.c(5): warning:  #47-D: incompatible redefinition of macro "NULL" (declared at line 3 of "uart.h")
linking...
Program Size: Code=3216 RO-data=32 RW-data=16 ZI-data=1296  
FromELF: creating hex file...
".\8.axf" - 0 Errors, 1 Warning(s).
Build target 'Target 1'
compiling uart.c...
uart.c(78): error:  #20: identifier "NULL" is undefined
uart.c(80): error:  #20: identifier "NULL" is undefined
uart.c(91): error:  #20: identifier "NULL" is undefined
compiling main.c...
".\8.axf" - 3 Errors, 0 Warning(s).
Target not created
Build target 'Target 1'
compiling uart.c...
compiling main.c...
linking...
Program Size: Code=3216 RO-data=32 RW-data=16 ZI-data=1296  
FromELF: creating hex file...
".\8.axf" - 0 Errors, 0 Warning(s).
