<html>
<body>
<pre>
<h1>µVision Build Log</h1>
<h2>Project:</h2>
C:\Users\dawid\OneDrive\Pulpit\Programowanie_System-w_Wbudowanych_v2\Archive\Servo2\8.uvproj
Project File Date:  05/12/2020

<h2>Output:</h2>
Build target 'Target 1'
compiling servo.c...
servo.c(65): error:  #268: declaration may not appear after executable statement in block
servo.c(50): warning:  #546-D: transfer of control bypasses initialization of:
            variable "currentPosition" (declared at line 65)
        switch(sServo.eState){
        ^
servo.c: 1 warning, 1 error
".\8.axf" - 1 Errors, 1 Warning(s).
Target not created
Build target 'Target 1'
compiling servo.c...
servo.c(65): error:  #268: declaration may not appear after executable statement in block
".\8.axf" - 1 Errors, 0 Warning(s).
Target not created
Build target 'Target 1'
compiling servo.c...
linking...
Program Size: Code=2676 RO-data=32 RW-data=12 ZI-data=1276  
FromELF: creating hex file...
".\8.axf" - 0 Errors, 0 Warning(s).
Build target 'Target 1'
compiling servo.c...
linking...
Program Size: Code=2616 RO-data=32 RW-data=12 ZI-data=1276  
FromELF: creating hex file...
".\8.axf" - 0 Errors, 0 Warning(s).
Build target 'Target 1'
compiling servo.c...
linking...
Program Size: Code=2616 RO-data=32 RW-data=12 ZI-data=1276  
FromELF: creating hex file...
".\8.axf" - 0 Errors, 0 Warning(s).
Build target 'Target 1'
compiling servo.c...
linking...
Program Size: Code=2616 RO-data=32 RW-data=12 ZI-data=1276  
FromELF: creating hex file...
".\8.axf" - 0 Errors, 0 Warning(s).
Build target 'Target 1'
compiling servo.c...
linking...
Program Size: Code=2668 RO-data=32 RW-data=12 ZI-data=1276  
FromELF: creating hex file...
".\8.axf" - 0 Errors, 0 Warning(s).
Build target 'Target 1'
compiling servo.c...
linking...
Program Size: Code=2668 RO-data=32 RW-data=12 ZI-data=1276  
FromELF: creating hex file...
".\8.axf" - 0 Errors, 0 Warning(s).
Build target 'Target 1'
compiling servo.c...
linking...
Program Size: Code=2668 RO-data=32 RW-data=12 ZI-data=1276  
FromELF: creating hex file...
".\8.axf" - 0 Errors, 0 Warning(s).
Build target 'Target 1'
compiling servo.c...
linking...
Program Size: Code=2668 RO-data=32 RW-data=12 ZI-data=1276  
FromELF: creating hex file...
".\8.axf" - 0 Errors, 0 Warning(s).
