<html>
<body>
<pre>
<h1>µVision Build Log</h1>
<h2>Project:</h2>
C:\Users\dawid\OneDrive\Pulpit\Programowanie_System-w_Wbudowanych\Archive\GPIO_8_przerwania\8.uvproj
Project File Date:  03/19/2020

<h2>Output:</h2>
Build target 'Target 1'
compiling 8.5.c...
linking...
Program Size: Code=1532 RO-data=32 RW-data=8 ZI-data=1256  
FromELF: creating hex file...
".\8.axf" - 0 Errors, 0 Warning(s).
Build target 'Target 1'
compiling timer_interrupts.c...
compiling 8.5.c...
linking...
Program Size: Code=1532 RO-data=32 RW-data=8 ZI-data=1256  
FromELF: creating hex file...
".\8.axf" - 0 Errors, 0 Warning(s).
Build target 'Target 1'
compiling timer_interrupts.c...
linking...
Program Size: Code=1532 RO-data=32 RW-data=8 ZI-data=1256  
FromELF: creating hex file...
".\8.axf" - 0 Errors, 0 Warning(s).
Build target 'Target 1'
compiling timer_interrupts.c...
linking...
Program Size: Code=1532 RO-data=32 RW-data=8 ZI-data=1256  
FromELF: creating hex file...
".\8.axf" - 0 Errors, 0 Warning(s).
Build target 'Target 1'
compiling timer_interrupts.c...
linking...
Program Size: Code=1532 RO-data=32 RW-data=8 ZI-data=1256  
FromELF: creating hex file...
".\8.axf" - 0 Errors, 0 Warning(s).
Build target 'Target 1'
compiling timer_interrupts.c...
linking...
Program Size: Code=1532 RO-data=32 RW-data=8 ZI-data=1256  
FromELF: creating hex file...
".\8.axf" - 0 Errors, 0 Warning(s).
