<html>
<body>
<pre>
<h1>µVision Build Log</h1>
<h2>Project:</h2>
C:\Users\dawid\OneDrive\Pulpit\programowanie w c\Current\8.uvproj
Project File Date:  03/18/2020

<h2>Output:</h2>
Build target 'Target 1'
compiling 8.5.c...
8.5.c(11): warning:  #68-D: integer conversion resulted in a change of sign
linking...
Program Size: Code=1640 RO-data=32 RW-data=8 ZI-data=1256  
FromELF: creating hex file...
".\8.axf" - 0 Errors, 1 Warning(s).
Build target 'Target 1'
compiling 8.5.c...
8.5.c(11): warning:  #68-D: integer conversion resulted in a change of sign
linking...
Program Size: Code=1640 RO-data=32 RW-data=8 ZI-data=1256  
FromELF: creating hex file...
".\8.axf" - 0 Errors, 1 Warning(s).
Build target 'Target 1'
compiling 8.5.c...
8.5.c(11): warning:  #68-D: integer conversion resulted in a change of sign
linking...
Program Size: Code=1644 RO-data=32 RW-data=8 ZI-data=1256  
FromELF: creating hex file...
".\8.axf" - 0 Errors, 1 Warning(s).
Build target 'Target 1'
compiling 8.5.c...
8.5.c(11): warning:  #68-D: integer conversion resulted in a change of sign
8.5.c(18): error:  #65: expected a ";"
".\8.axf" - 1 Errors, 1 Warning(s).
Target not created
Build target 'Target 1'
compiling 8.5.c...
8.5.c(11): warning:  #68-D: integer conversion resulted in a change of sign
linking...
Program Size: Code=1644 RO-data=32 RW-data=8 ZI-data=1256  
FromELF: creating hex file...
".\8.axf" - 0 Errors, 1 Warning(s).
Build target 'Target 1'
compiling 8.5.c...
linking...
Program Size: Code=1640 RO-data=32 RW-data=8 ZI-data=1256  
FromELF: creating hex file...
".\8.axf" - 0 Errors, 0 Warning(s).
Build target 'Target 1'
compiling 8.5.c...
linking...
Program Size: Code=1784 RO-data=32 RW-data=8 ZI-data=1272  
FromELF: creating hex file...
".\8.axf" - 0 Errors, 0 Warning(s).
Build target 'Target 1'
compiling 8.5.c...
8.5.c(83): warning:  #177-D: variable "iMainLoopCtr" was declared but never referenced
linking...
Program Size: Code=1876 RO-data=32 RW-data=8 ZI-data=1272  
FromELF: creating hex file...
".\8.axf" - 0 Errors, 1 Warning(s).
Build target 'Target 1'
compiling 8.5.c...
linking...
Program Size: Code=1876 RO-data=32 RW-data=8 ZI-data=1272  
FromELF: creating hex file...
".\8.axf" - 0 Errors, 0 Warning(s).
Build target 'Target 1'
compiling 8.5.c...
linking...
Program Size: Code=1900 RO-data=32 RW-data=8 ZI-data=1272  
FromELF: creating hex file...
".\8.axf" - 0 Errors, 0 Warning(s).
Build target 'Target 1'
compiling 8.5.c...
linking...
Program Size: Code=1908 RO-data=32 RW-data=8 ZI-data=1272  
FromELF: creating hex file...
".\8.axf" - 0 Errors, 0 Warning(s).
Build target 'Target 1'
compiling 8.5.c...
linking...
Program Size: Code=1908 RO-data=32 RW-data=8 ZI-data=1272  
FromELF: creating hex file...
".\8.axf" - 0 Errors, 0 Warning(s).
compiling 8.5.c...
"8.5.c" - 0 Errors, 0 Warning(s).
Build target 'Target 1'
compiling 8.5.c...
linking...
Program Size: Code=1908 RO-data=32 RW-data=8 ZI-data=1272  
FromELF: creating hex file...
".\8.axf" - 0 Errors, 0 Warning(s).
Build target 'Target 1'
compiling 8.5.c...
linking...
Program Size: Code=2392 RO-data=32 RW-data=8 ZI-data=1272  
FromELF: creating hex file...
".\8.axf" - 0 Errors, 0 Warning(s).
compiling 8.5.c...
"8.5.c" - 0 Errors, 0 Warning(s).
Build target 'Target 1'
linking...
Program Size: Code=2392 RO-data=32 RW-data=8 ZI-data=1272  
FromELF: creating hex file...
".\8.axf" - 0 Errors, 0 Warning(s).
compiling servo.c...
"servo.c" - 0 Errors, 0 Warning(s).
compiling servo.c...
"servo.c" - 0 Errors, 0 Warning(s).
Build target 'Target 1'
compiling 8.5.c...
8.5.c(6): warning:  #223-D: function "KeyboardInit" declared implicitly
8.5.c(7): warning:  #223-D: function "ServoInit" declared implicitly
8.5.c(11): warning:  #223-D: function "eKeyBoardRead" declared implicitly
8.5.c(11): error:  #20: identifier "BUTTON_0" is undefined
8.5.c(12): error:  #20: identifier "sServo" is undefined
8.5.c(12): error:  #20: identifier "CALLIB" is undefined
8.5.c(14): error:  #20: identifier "BUTTON_1" is undefined
8.5.c(15): warning:  #223-D: function "ServoGoTo" declared implicitly
8.5.c(17): error:  #20: identifier "BUTTON_2" is undefined
8.5.c(18): warning:  #223-D: function "ServoGoTo" declared implicitly
8.5.c(20): error:  #20: identifier "BUTTON_3" is undefined
8.5.c(21): warning:  #223-D: function "ServoGoTo" declared implicitly
compiling servo.c...
servo.h(15): warning:  #1295-D: Deprecated declaration ServoCallib - give arg types
".\8.axf" - 6 Errors, 7 Warning(s).
Target not created
Build target 'Target 1'
compiling Led.c...
servo.h(15): warning:  #1295-D: Deprecated declaration ServoCallib - give arg types
compiling Keyboard.c...
servo.h(15): warning:  #1295-D: Deprecated declaration ServoCallib - give arg types
compiling 8.5.c...
servo.h(15): warning:  #1295-D: Deprecated declaration ServoCallib - give arg types
8.5.c(6): warning:  #223-D: function "KeyboardInit" declared implicitly
8.5.c(11): warning:  #223-D: function "eKeyBoardRead" declared implicitly
8.5.c(11): error:  #20: identifier "BUTTON_0" is undefined
8.5.c(12): error:  #20: identifier "sServo" is undefined
8.5.c(14): error:  #20: identifier "BUTTON_1" is undefined
8.5.c(17): error:  #20: identifier "BUTTON_2" is undefined
8.5.c(20): error:  #20: identifier "BUTTON_3" is undefined
".\8.axf" - 5 Errors, 5 Warning(s).
Target not created
Build target 'Target 1'
compiling Led.c...
compiling Keyboard.c...
compiling 8.5.c...
servo.h(18): warning:  #1295-D: Deprecated declaration ServoCallib - give arg types
Led.h(3): error:  #101: "StepDirection" has already been declared in the current scope
Led.h(3): error:  #101: "LEFT" has already been declared in the current scope
Led.h(3): error:  #101: "RIGHT" has already been declared in the current scope
Keyboard.h(3): error:  #101: "KeyBoardState" has already been declared in the current scope
Keyboard.h(3): error:  #101: "RELASED" has already been declared in the current scope
Keyboard.h(3): error:  #101: "BUTTON_0" has already been declared in the current scope
Keyboard.h(3): error:  #101: "BUTTON_1" has already been declared in the current scope
Keyboard.h(3): error:  #101: "BUTTON_2" has already been declared in the current scope
Keyboard.h(3): error:  #101: "BUTTON_3" has already been declared in the current scope
Keyboard.h(6): error:  #147-D: declaration is incompatible with "enum KeyBoardState eKeyBoardRead(void)" (declared at line 6)
compiling servo.c...
servo.h(18): warning:  #1295-D: Deprecated declaration ServoCallib - give arg types
".\8.axf" - 10 Errors, 2 Warning(s).
Target not created
Build target 'Target 1'
compiling 8.5.c...
servo.h(18): warning:  #1295-D: Deprecated declaration ServoCallib - give arg types
Led.h(3): error:  #101: "StepDirection" has already been declared in the current scope
Led.h(3): error:  #101: "LEFT" has already been declared in the current scope
Led.h(3): error:  #101: "RIGHT" has already been declared in the current scope
Keyboard.h(3): error:  #101: "KeyBoardState" has already been declared in the current scope
Keyboard.h(3): error:  #101: "RELASED" has already been declared in the current scope
Keyboard.h(3): error:  #101: "BUTTON_0" has already been declared in the current scope
Keyboard.h(3): error:  #101: "BUTTON_1" has already been declared in the current scope
Keyboard.h(3): error:  #101: "BUTTON_2" has already been declared in the current scope
Keyboard.h(3): error:  #101: "BUTTON_3" has already been declared in the current scope
Keyboard.h(6): error:  #147-D: declaration is incompatible with "enum KeyBoardState eKeyBoardRead(void)" (declared at line 6)
compiling servo.c...
servo.h(18): warning:  #1295-D: Deprecated declaration ServoCallib - give arg types
led.h(3): error:  #101: "StepDirection" has already been declared in the current scope
led.h(3): error:  #101: "LEFT" has already been declared in the current scope
led.h(3): error:  #101: "RIGHT" has already been declared in the current scope
Keyboard.h(3): error:  #101: "KeyBoardState" has already been declared in the current scope
Keyboard.h(3): error:  #101: "RELASED" has already been declared in the current scope
Keyboard.h(3): error:  #101: "BUTTON_0" has already been declared in the current scope
Keyboard.h(3): error:  #101: "BUTTON_1" has already been declared in the current scope
Keyboard.h(3): error:  #101: "BUTTON_2" has already been declared in the current scope
Keyboard.h(3): error:  #101: "BUTTON_3" has already been declared in the current scope
Keyboard.h(6): error:  #147-D: declaration is incompatible with "enum KeyBoardState eKeyBoardRead(void)" (declared at line 6)
".\8.axf" - 20 Errors, 2 Warning(s).
Target not created
Build target 'Target 1'
compiling 8.5.c...
servo.h(16): warning:  #1295-D: Deprecated declaration ServoCallib - give arg types
compiling servo.c...
servo.h(16): warning:  #1295-D: Deprecated declaration ServoCallib - give arg types
linking...
.\8.axf: Error: L6200E: Symbol sServo multiply defined (by servo.o and 8.5.o).
".\8.axf" - 1 Errors, 2 Warning(s).
Target not created
Build target 'Target 1'
compiling 8.5.c...
compiling servo.c...
linking...
.\8.axf: Error: L6200E: Symbol sServo multiply defined (by servo.o and 8.5.o).
".\8.axf" - 1 Errors, 0 Warning(s).
Target not created
Build target 'Target 1'
compiling 8.5.c...
compiling servo.c...
linking...
.\8.axf: Error: L6200E: Symbol sServo multiply defined (by servo.o and 8.5.o).
".\8.axf" - 1 Errors, 0 Warning(s).
Target not created
Build target 'Target 1'
compiling 8.5.c...
linking...
.\8.axf: Error: L6200E: Symbol sServo multiply defined (by servo.o and 8.5.o).
".\8.axf" - 1 Errors, 0 Warning(s).
Target not created
Build target 'Target 1'
compiling 8.5.c...
8.5.c(15): error:  #70: incomplete type is not allowed
servo.h(8): error:  #235: variable "sServo" was declared with a never-completed type
compiling servo.c...
".\8.axf" - 2 Errors, 0 Warning(s).
Target not created
Build target 'Target 1'
compiling 8.5.c...
8.5.c(15): error:  #20: identifier "sServo" is undefined
compiling servo.c...
".\8.axf" - 1 Errors, 0 Warning(s).
Target not created
Build target 'Target 1'
compiling 8.5.c...
8.5.c(15): error:  #70: incomplete type is not allowed
8.5.c(5): error:  #235: variable "sServo" was declared with a never-completed type
".\8.axf" - 2 Errors, 0 Warning(s).
Target not created
Build target 'Target 1'
compiling 8.5.c...
8.5.c(5): error:  #77-D: this declaration has no storage class or type specifier
8.5.c(5): error:  #65: expected a ";"
8.5.c(15): error:  #20: identifier "sServo" is undefined
".\8.axf" - 3 Errors, 0 Warning(s).
Target not created
Build target 'Target 1'
compiling 8.5.c...
8.5.c(15): error:  #70: incomplete type is not allowed
8.5.c(5): error:  #235: variable "sServo" was declared with a never-completed type
".\8.axf" - 2 Errors, 0 Warning(s).
Target not created
Build target 'Target 1'
compiling 8.5.c...
compiling servo.c...
linking...
.\8.axf: Error: L6200E: Symbol sServo multiply defined (by servo.o and 8.5.o).
".\8.axf" - 1 Errors, 0 Warning(s).
Target not created
Build target 'Target 1'
compiling 8.5.c...
8.5.c(15): error:  #20: identifier "sServo" is undefined
".\8.axf" - 1 Errors, 0 Warning(s).
Target not created
Build target 'Target 1'
compiling 8.5.c...
linking...
Program Size: Code=2376 RO-data=32 RW-data=8 ZI-data=1272  
FromELF: creating hex file...
".\8.axf" - 0 Errors, 0 Warning(s).
Build target 'Target 1'
compiling 8.5.c...
linking...
Program Size: Code=2376 RO-data=32 RW-data=8 ZI-data=1272  
FromELF: creating hex file...
".\8.axf" - 0 Errors, 0 Warning(s).
Build target 'Target 1'
compiling 8.5.c...
linking...
.\8.axf: Error: L6218E: Undefined symbol Servo (referred from 8.5.o).
".\8.axf" - 1 Errors, 0 Warning(s).
Target not created
Build target 'Target 1'
compiling 8.5.c...
linking...
Program Size: Code=2172 RO-data=32 RW-data=8 ZI-data=1272  
FromELF: creating hex file...
".\8.axf" - 0 Errors, 0 Warning(s).
