<html>
<body>
<pre>
<h1>µVision Build Log</h1>
<h2>Project:</h2>
C:\Users\dawid\OneDrive\Pulpit\Programowanie_System-w_Wbudowanych_v2\Archive\Servo\8.uvproj
Project File Date:  05/12/2020

<h2>Output:</h2>
Build target 'Target 1'
compiling Led.c...
compiling timer_interrupts.c...
compiling servo.c...
servo.c(94): warning:  #1-D: last line of file ends without a newline
compiling 9.4.c...
linking...
Program Size: Code=2176 RO-data=32 RW-data=8 ZI-data=1272  
FromELF: creating hex file...
".\8.axf" - 0 Errors, 1 Warning(s).
Build target 'Target 1'
compiling Led.c...
compiling timer_interrupts.c...
compiling servo.c...
servo.c(94): warning:  #1-D: last line of file ends without a newline
compiling 9.4.c...
linking...
Program Size: Code=2176 RO-data=32 RW-data=8 ZI-data=1272  
FromELF: creating hex file...
".\8.axf" - 0 Errors, 1 Warning(s).
Build target 'Target 1'
compiling Keyboard.c...
compiling 9.4.c...
linking...
Program Size: Code=2176 RO-data=32 RW-data=8 ZI-data=1272  
FromELF: creating hex file...
".\8.axf" - 0 Errors, 0 Warning(s).
Build target 'Target 1'
compiling 9.4.c...
linking...
Program Size: Code=2404 RO-data=32 RW-data=8 ZI-data=1272  
FromELF: creating hex file...
".\8.axf" - 0 Errors, 0 Warning(s).
Build target 'Target 1'
compiling Led.c...
compiling timer_interrupts.c...
compiling servo.c...
servo.c(94): warning:  #1-D: last line of file ends without a newline
linking...
Program Size: Code=2404 RO-data=32 RW-data=8 ZI-data=1272  
FromELF: creating hex file...
".\8.axf" - 0 Errors, 1 Warning(s).
Build target 'Target 1'
compiling servo.c...
servo.c(94): warning:  #1-D: last line of file ends without a newline
compiling 9.4.c...
linking...
Program Size: Code=2404 RO-data=32 RW-data=8 ZI-data=1272  
FromELF: creating hex file...
".\8.axf" - 0 Errors, 1 Warning(s).
Rebuild target 'Target 1'
assembling Startup.s...
compiling Led.c...
Led.c(63): warning:  #1-D: last line of file ends without a newline
compiling timer_interrupts.c...
timer_interrupts.h(2): warning:  #1-D: last line of file ends without a newline
timer_interrupts.c(78): warning:  #1-D: last line of file ends without a newline
compiling Keyboard.c...
Keyboard.c(32): warning:  #1-D: last line of file ends without a newline
compiling servo.c...
timer_interrupts.h(2): warning:  #1-D: last line of file ends without a newline
servo.h(4): warning:  #1-D: last line of file ends without a newline
servo.c(94): warning:  #1-D: last line of file ends without a newline
compiling 9.4.c...
servo.h(4): warning:  #1-D: last line of file ends without a newline
9.4.c(27): warning:  #1-D: last line of file ends without a newline
linking...
Program Size: Code=2520 RO-data=32 RW-data=12 ZI-data=1268  
FromELF: creating hex file...
".\8.axf" - 0 Errors, 9 Warning(s).
Build target 'Target 1'
compiling timer_interrupts.c...
compiling Keyboard.c...
keyboard.h(6): warning:  #1-D: last line of file ends without a newline
compiling servo.c...
servo.h(4): warning:  #1-D: last line of file ends without a newline
compiling 9.4.c...
keyboard.h(6): warning:  #1-D: last line of file ends without a newline
servo.h(4): warning:  #1-D: last line of file ends without a newline
linking...
Program Size: Code=2520 RO-data=32 RW-data=12 ZI-data=1268  
FromELF: creating hex file...
".\8.axf" - 0 Errors, 4 Warning(s).
Build target 'Target 1'
compiling Led.c...
compiling Keyboard.c...
keyboard.h(6): warning:  #1-D: last line of file ends without a newline
compiling servo.c...
compiling 9.4.c...
keyboard.h(6): warning:  #1-D: last line of file ends without a newline
linking...
Program Size: Code=2520 RO-data=32 RW-data=12 ZI-data=1268  
FromELF: creating hex file...
".\8.axf" - 0 Errors, 2 Warning(s).
Build target 'Target 1'
compiling Led.c...
compiling Keyboard.c...
keyboard.h(7): warning:  #1-D: last line of file ends without a newline
compiling servo.c...
compiling 9.4.c...
keyboard.h(7): warning:  #1-D: last line of file ends without a newline
linking...
Program Size: Code=2520 RO-data=32 RW-data=12 ZI-data=1268  
FromELF: creating hex file...
".\8.axf" - 0 Errors, 2 Warning(s).
Build target 'Target 1'
compiling timer_interrupts.c...
compiling Keyboard.c...
keyboard.h(8): warning:  #1-D: last line of file ends without a newline
compiling servo.c...
compiling 9.4.c...
keyboard.h(8): warning:  #1-D: last line of file ends without a newline
linking...
Program Size: Code=2520 RO-data=32 RW-data=12 ZI-data=1268  
FromELF: creating hex file...
".\8.axf" - 0 Errors, 2 Warning(s).
Build target 'Target 1'
compiling Keyboard.c...
compiling 9.4.c...
linking...
Program Size: Code=2520 RO-data=32 RW-data=12 ZI-data=1268  
FromELF: creating hex file...
".\8.axf" - 0 Errors, 0 Warning(s).
Build target 'Target 1'
compiling servo.c...
linking...
Program Size: Code=2580 RO-data=32 RW-data=12 ZI-data=1276  
FromELF: creating hex file...
".\8.axf" - 0 Errors, 0 Warning(s).
Build target 'Target 1'
compiling servo.c...
linking...
Program Size: Code=2624 RO-data=32 RW-data=12 ZI-data=1276  
FromELF: creating hex file...
".\8.axf" - 0 Errors, 0 Warning(s).
Build target 'Target 1'
compiling servo.c...
linking...
Program Size: Code=2616 RO-data=32 RW-data=12 ZI-data=1276  
FromELF: creating hex file...
".\8.axf" - 0 Errors, 0 Warning(s).
Build target 'Target 1'
compiling servo.c...
linking...
Program Size: Code=2620 RO-data=32 RW-data=12 ZI-data=1276  
FromELF: creating hex file...
".\8.axf" - 0 Errors, 0 Warning(s).
Build target 'Target 1'
compiling servo.c...
linking...
Program Size: Code=2620 RO-data=32 RW-data=12 ZI-data=1276  
FromELF: creating hex file...
".\8.axf" - 0 Errors, 0 Warning(s).
Build target 'Target 1'
compiling servo.c...
linking...
Program Size: Code=2616 RO-data=32 RW-data=12 ZI-data=1276  
FromELF: creating hex file...
".\8.axf" - 0 Errors, 0 Warning(s).
Build target 'Target 1'
linking...
Program Size: Code=2616 RO-data=32 RW-data=12 ZI-data=1276  
FromELF: creating hex file...
".\8.axf" - 0 Errors, 0 Warning(s).
Build target 'Target 1'
compiling servo.c...
linking...
Program Size: Code=2668 RO-data=32 RW-data=12 ZI-data=1276  
FromELF: creating hex file...
".\8.axf" - 0 Errors, 0 Warning(s).
Build target 'Target 1'
compiling servo.c...
linking...
Program Size: Code=2668 RO-data=32 RW-data=12 ZI-data=1276  
FromELF: creating hex file...
".\8.axf" - 0 Errors, 0 Warning(s).
Build target 'Target 1'
compiling servo.c...
linking...
Program Size: Code=2616 RO-data=32 RW-data=12 ZI-data=1276  
FromELF: creating hex file...
".\8.axf" - 0 Errors, 0 Warning(s).
Build target 'Target 1'
compiling servo.c...
linking...
Program Size: Code=2616 RO-data=32 RW-data=12 ZI-data=1276  
FromELF: creating hex file...
".\8.axf" - 0 Errors, 0 Warning(s).
